# Synthetic external probe evidence
# experiment=1 phase=before
1781748098 pass 42
1781748103 pass 42
1781748108 pass 42
1781748113 pass 42
1781748118 pass 42
1781748123 pass 42
1781748128 pass 42
1781748133 pass 42
1781748138 pass 42
1781748143 pass 42
1781748148 pass 42
1781748153 pass 42
# experiment=1 phase=during
1781748158 pass 120
1781748163 pass 120
1781748168 pass 120
1781748173 pass 120
1781748178 pass 120
1781748183 pass 120
1781748188 pass 120
1781748193 pass 120
1781748198 pass 120
1781748203 pass 120
1781748208 pass 120
1781748213 pass 120
1781748218 pass 120
1781748223 pass 120
1781748228 pass 120
1781748233 pass 120
1781748238 fail 2500
1781748243 fail 2500
1781748248 fail 2500
1781748253 fail 2500
# experiment=1 phase=after
1781748258 pass 45
1781748263 pass 45
1781748268 pass 45
1781748273 pass 45
1781748278 pass 45
1781748283 pass 45
1781748288 pass 45
1781748293 pass 45
1781748298 pass 45
1781748303 pass 45
1781748308 pass 45
1781748313 pass 45
1781748318 pass 45
1781748323 pass 45
1781748328 pass 45
1781748333 pass 45
1781748338 pass 45
1781748343 pass 45
1781748348 pass 45
1781748353 pass 45
1781748358 pass 45
1781748363 pass 45
1781748368 pass 45
1781748373 pass 45
# experiment=2 phase=before
1781749098 pass 42
1781749103 pass 42
1781749108 pass 42
1781749113 pass 42
1781749118 pass 42
1781749123 pass 42
1781749128 pass 42
1781749133 pass 42
1781749138 pass 42
1781749143 pass 42
1781749148 pass 42
1781749153 pass 42
# experiment=2 phase=during
1781749158 pass 120
1781749163 pass 120
1781749168 pass 120
1781749173 pass 120
1781749178 pass 120
1781749183 pass 120
1781749188 pass 120
1781749193 pass 120
1781749198 pass 120
1781749203 pass 120
1781749208 pass 120
1781749213 pass 120
1781749218 pass 120
1781749223 pass 120
1781749228 pass 120
1781749233 fail 2500
1781749238 fail 2500
1781749243 fail 2500
1781749248 fail 2500
1781749253 fail 2500
# experiment=2 phase=after
1781749258 pass 45
1781749263 pass 45
1781749268 pass 45
1781749273 pass 45
1781749278 pass 45
1781749283 pass 45
1781749288 pass 45
1781749293 pass 45
1781749298 pass 45
1781749303 pass 45
1781749308 pass 45
1781749313 pass 45
1781749318 pass 45
1781749323 pass 45
1781749328 pass 45
1781749333 pass 45
1781749338 pass 45
1781749343 pass 45
1781749348 pass 45
1781749353 pass 45
1781749358 pass 45
1781749363 pass 45
1781749368 pass 45
1781749373 pass 45
# experiment=3 phase=before
1781750098 pass 42
1781750103 pass 42
1781750108 pass 42
1781750113 pass 42
1781750118 pass 42
1781750123 pass 42
1781750128 pass 42
1781750133 pass 42
1781750138 pass 42
1781750143 pass 42
1781750148 pass 42
1781750153 pass 42
# experiment=3 phase=during
1781750158 pass 120
1781750163 pass 120
1781750168 pass 120
1781750173 pass 120
1781750178 pass 120
1781750183 pass 120
1781750188 pass 120
1781750193 pass 120
1781750198 pass 120
1781750203 pass 120
1781750208 pass 120
1781750213 pass 120
1781750218 pass 120
1781750223 pass 120
1781750228 pass 120
1781750233 pass 120
1781750238 pass 120
1781750243 pass 120
1781750248 fail 2500
1781750253 fail 2500
# experiment=3 phase=after
1781750258 pass 45
1781750263 pass 45
1781750268 pass 45
1781750273 pass 45
1781750278 pass 45
1781750283 pass 45
1781750288 pass 45
1781750293 pass 45
1781750298 pass 45
1781750303 pass 45
1781750308 pass 45
1781750313 pass 45
1781750318 pass 45
1781750323 pass 45
1781750328 pass 45
1781750333 pass 45
1781750338 pass 45
1781750343 pass 45
1781750348 pass 45
1781750353 pass 45
1781750358 pass 45
1781750363 pass 45
1781750368 pass 45
1781750373 pass 45
# experiment=4 phase=before
1781751098 pass 42
1781751103 pass 42
1781751108 pass 42
1781751113 pass 42
1781751118 pass 42
1781751123 pass 42
1781751128 pass 42
1781751133 pass 42
1781751138 pass 42
1781751143 pass 42
1781751148 pass 42
1781751153 pass 42
# experiment=4 phase=during
1781751158 pass 120
1781751163 pass 120
1781751168 pass 120
1781751173 pass 120
1781751178 pass 120
1781751183 pass 120
1781751188 pass 120
1781751193 pass 120
1781751198 pass 120
1781751203 pass 120
1781751208 pass 120
1781751213 pass 120
1781751218 pass 120
1781751223 pass 120
1781751228 pass 120
1781751233 pass 120
1781751238 fail 2500
1781751243 fail 2500
1781751248 fail 2500
1781751253 fail 2500
# experiment=4 phase=after
1781751258 pass 45
1781751263 pass 45
1781751268 pass 45
1781751273 pass 45
1781751278 pass 45
1781751283 pass 45
1781751288 pass 45
1781751293 pass 45
1781751298 pass 45
1781751303 pass 45
1781751308 pass 45
1781751313 pass 45
1781751318 pass 45
1781751323 pass 45
1781751328 pass 45
1781751333 pass 45
1781751338 pass 45
1781751343 pass 45
1781751348 pass 45
1781751353 pass 45
1781751358 pass 45
1781751363 pass 45
1781751368 pass 45
1781751373 pass 45
# experiment=5 phase=before
1781752098 pass 42
1781752103 pass 42
1781752108 pass 42
1781752113 pass 42
1781752118 pass 42
1781752123 pass 42
1781752128 pass 42
1781752133 pass 42
1781752138 pass 42
1781752143 pass 42
1781752148 pass 42
1781752153 pass 42
# experiment=5 phase=during
1781752158 pass 120
1781752163 pass 120
1781752168 pass 120
1781752173 pass 120
1781752178 pass 120
1781752183 pass 120
1781752188 pass 120
1781752193 pass 120
1781752198 pass 120
1781752203 pass 120
1781752208 pass 120
1781752213 pass 120
1781752218 pass 120
1781752223 pass 120
1781752228 fail 2500
1781752233 fail 2500
1781752238 fail 2500
1781752243 fail 2500
1781752248 fail 2500
1781752253 fail 2500
# experiment=5 phase=after
1781752258 pass 45
1781752263 pass 45
1781752268 pass 45
1781752273 pass 45
1781752278 pass 45
1781752283 pass 45
1781752288 pass 45
1781752293 pass 45
1781752298 pass 45
1781752303 pass 45
1781752308 pass 45
1781752313 pass 45
1781752318 pass 45
1781752323 pass 45
1781752328 pass 45
1781752333 pass 45
1781752338 pass 45
1781752343 pass 45
1781752348 pass 45
1781752353 pass 45
1781752358 pass 45
1781752363 pass 45
1781752368 pass 45
1781752373 pass 45
# experiment=6 phase=before
1781753098 pass 42
1781753103 pass 42
1781753108 pass 42
1781753113 pass 42
1781753118 pass 42
1781753123 pass 42
1781753128 pass 42
1781753133 pass 42
1781753138 pass 42
1781753143 pass 42
1781753148 pass 42
1781753153 pass 42
# experiment=6 phase=during
1781753158 pass 120
1781753163 pass 120
1781753168 pass 120
1781753173 pass 120
1781753178 pass 120
1781753183 pass 120
1781753188 pass 120
1781753193 pass 120
1781753198 pass 120
1781753203 pass 120
1781753208 pass 120
1781753213 pass 120
1781753218 pass 120
1781753223 pass 120
1781753228 pass 120
1781753233 pass 120
1781753238 pass 120
1781753243 pass 120
1781753248 pass 120
1781753253 fail 2500
# experiment=6 phase=after
1781753258 pass 45
1781753263 pass 45
1781753268 pass 45
1781753273 pass 45
1781753278 pass 45
1781753283 pass 45
1781753288 pass 45
1781753293 pass 45
1781753298 pass 45
1781753303 pass 45
1781753308 pass 45
1781753313 pass 45
1781753318 pass 45
1781753323 pass 45
1781753328 pass 45
1781753333 pass 45
1781753338 pass 45
1781753343 pass 45
1781753348 pass 45
1781753353 pass 45
1781753358 pass 45
1781753363 pass 45
1781753368 pass 45
1781753373 pass 45
# experiment=7 phase=before
1781754098 pass 42
1781754103 pass 42
1781754108 pass 42
1781754113 pass 42
1781754118 pass 42
1781754123 pass 42
1781754128 pass 42
1781754133 pass 42
1781754138 pass 42
1781754143 pass 42
1781754148 pass 42
1781754153 pass 42
# experiment=7 phase=during
1781754158 pass 120
1781754163 pass 120
1781754168 pass 120
1781754173 pass 120
1781754178 pass 120
1781754183 pass 120
1781754188 pass 120
1781754193 pass 120
1781754198 pass 120
1781754203 pass 120
1781754208 pass 120
1781754213 pass 120
1781754218 pass 120
1781754223 pass 120
1781754228 pass 120
1781754233 pass 120
1781754238 pass 120
1781754243 pass 120
1781754248 pass 120
1781754253 pass 120
# experiment=7 phase=after
1781754258 pass 45
1781754263 pass 45
1781754268 pass 45
1781754273 pass 45
1781754278 pass 45
1781754283 pass 45
1781754288 pass 45
1781754293 pass 45
1781754298 pass 45
1781754303 pass 45
1781754308 pass 45
1781754313 pass 45
1781754318 pass 45
1781754323 pass 45
1781754328 pass 45
1781754333 pass 45
1781754338 pass 45
1781754343 pass 45
1781754348 pass 45
1781754353 pass 45
1781754358 pass 45
1781754363 pass 45
1781754368 pass 45
1781754373 pass 45
# experiment=8 phase=before
1781755098 pass 42
1781755103 pass 42
1781755108 pass 42
1781755113 pass 42
1781755118 pass 42
1781755123 pass 42
1781755128 pass 42
1781755133 pass 42
1781755138 pass 42
1781755143 pass 42
1781755148 pass 42
1781755153 pass 42
# experiment=8 phase=during
1781755158 pass 120
1781755163 fail 2500
1781755168 fail 2500
1781755173 fail 2500
1781755178 fail 2500
1781755183 fail 2500
1781755188 fail 2500
1781755193 fail 2500
1781755198 fail 2500
1781755203 fail 2500
1781755208 fail 2500
1781755213 fail 2500
1781755218 fail 2500
1781755223 fail 2500
1781755228 fail 2500
1781755233 fail 2500
1781755238 fail 2500
1781755243 fail 2500
1781755248 fail 2500
1781755253 fail 2500
# experiment=8 phase=after
1781755258 pass 45
1781755263 pass 45
1781755268 pass 45
1781755273 pass 45
1781755278 pass 45
1781755283 pass 45
1781755288 pass 45
1781755293 pass 45
1781755298 pass 45
1781755303 pass 45
1781755308 pass 45
1781755313 pass 45
1781755318 pass 45
1781755323 pass 45
1781755328 pass 45
1781755333 pass 45
1781755338 pass 45
1781755343 pass 45
1781755348 pass 45
1781755353 pass 45
1781755358 pass 45
1781755363 pass 45
1781755368 pass 45
1781755373 pass 45
# experiment=9 phase=before
1781756098 pass 42
1781756103 pass 42
1781756108 pass 42
1781756113 pass 42
1781756118 pass 42
1781756123 pass 42
1781756128 pass 42
1781756133 pass 42
1781756138 pass 42
1781756143 pass 42
1781756148 pass 42
1781756153 pass 42
# experiment=9 phase=during
1781756158 pass 120
1781756163 pass 120
1781756168 pass 120
1781756173 pass 120
1781756178 pass 120
1781756183 pass 120
1781756188 pass 120
1781756193 pass 120
1781756198 pass 120
1781756203 pass 120
1781756208 pass 120
1781756213 pass 120
1781756218 pass 120
1781756223 pass 120
1781756228 fail 2500
1781756233 fail 2500
1781756238 fail 2500
1781756243 fail 2500
1781756248 fail 2500
1781756253 fail 2500
# experiment=9 phase=after
1781756258 pass 45
1781756263 pass 45
1781756268 pass 45
1781756273 pass 45
1781756278 pass 45
1781756283 pass 45
1781756288 pass 45
1781756293 pass 45
1781756298 pass 45
1781756303 pass 45
1781756308 pass 45
1781756313 pass 45
1781756318 pass 45
1781756323 pass 45
1781756328 pass 45
1781756333 pass 45
1781756338 pass 45
1781756343 pass 45
1781756348 pass 45
1781756353 pass 45
1781756358 pass 45
1781756363 pass 45
1781756368 pass 45
1781756373 pass 45
# experiment=10 phase=before
1781757098 pass 42
1781757103 pass 42
1781757108 pass 42
1781757113 pass 42
1781757118 pass 42
1781757123 pass 42
1781757128 pass 42
1781757133 pass 42
1781757138 pass 42
1781757143 pass 42
1781757148 pass 42
1781757153 pass 42
# experiment=10 phase=during
1781757158 pass 120
1781757163 pass 120
1781757168 pass 120
1781757173 pass 120
1781757178 pass 120
1781757183 pass 120
1781757188 pass 120
1781757193 pass 120
1781757198 pass 120
1781757203 pass 120
1781757208 pass 120
1781757213 pass 120
1781757218 pass 120
1781757223 pass 120
1781757228 pass 120
1781757233 fail 2500
1781757238 fail 2500
1781757243 fail 2500
1781757248 fail 2500
1781757253 fail 2500
# experiment=10 phase=after
1781757258 pass 45
1781757263 pass 45
1781757268 pass 45
1781757273 pass 45
1781757278 pass 45
1781757283 pass 45
1781757288 pass 45
1781757293 pass 45
1781757298 pass 45
1781757303 pass 45
1781757308 pass 45
1781757313 pass 45
1781757318 pass 45
1781757323 pass 45
1781757328 pass 45
1781757333 pass 45
1781757338 pass 45
1781757343 pass 45
1781757348 pass 45
1781757353 pass 45
1781757358 pass 45
1781757363 pass 45
1781757368 pass 45
1781757373 pass 45
